  stdafx.cpp
  BCJRQSPA.cpp
C:\Users\86134\Desktop\TeachResearch\Project\FFTQSPA\util.h(171,7): warning C4838: 从“__int64”转换到“const int”需要收缩转换
C:\Users\86134\Desktop\TeachResearch\Project\FFTQSPA\util.h(175,1): warning C4305: “初始化”: 从“__int64”到“const int”截断
C:\Users\86134\Desktop\TeachResearch\Project\FFTQSPA\util.h(171,7): warning C4309: “初始化”: 截断常量值
C:\Users\86134\Desktop\TeachResearch\Project\FFTQSPA\util.h(172,7): warning C4838: 从“__int64”转换到“const int”需要收缩转换
C:\Users\86134\Desktop\TeachResearch\Project\FFTQSPA\util.h(172,7): warning C4309: “初始化”: 截断常量值
C:\Users\86134\Desktop\TeachResearch\Project\FFTQSPA\util.h(173,7): warning C4838: 从“__int64”转换到“const int”需要收缩转换
C:\Users\86134\Desktop\TeachResearch\Project\FFTQSPA\util.h(173,7): warning C4309: “初始化”: 截断常量值
C:\Users\86134\Desktop\TeachResearch\Project\FFTQSPA\util.h(174,7): warning C4838: 从“__int64”转换到“const int”需要收缩转换
C:\Users\86134\Desktop\TeachResearch\Project\FFTQSPA\util.h(174,7): warning C4309: “初始化”: 截断常量值
  FiniteField2.cpp
  Interleaver.cpp
  lsfr.cpp
  Mapper.cpp
C:\Users\86134\Desktop\TeachResearch\Project\FFTQSPA\util.h(171,7): warning C4838: 从“__int64”转换到“const int”需要收缩转换
C:\Users\86134\Desktop\TeachResearch\Project\FFTQSPA\util.h(175,1): warning C4305: “初始化”: 从“__int64”到“const int”截断
C:\Users\86134\Desktop\TeachResearch\Project\FFTQSPA\util.h(171,7): warning C4309: “初始化”: 截断常量值
C:\Users\86134\Desktop\TeachResearch\Project\FFTQSPA\util.h(172,7): warning C4838: 从“__int64”转换到“const int”需要收缩转换
C:\Users\86134\Desktop\TeachResearch\Project\FFTQSPA\util.h(172,7): warning C4309: “初始化”: 截断常量值
C:\Users\86134\Desktop\TeachResearch\Project\FFTQSPA\util.h(173,7): warning C4838: 从“__int64”转换到“const int”需要收缩转换
C:\Users\86134\Desktop\TeachResearch\Project\FFTQSPA\util.h(173,7): warning C4309: “初始化”: 截断常量值
C:\Users\86134\Desktop\TeachResearch\Project\FFTQSPA\util.h(174,7): warning C4838: 从“__int64”转换到“const int”需要收缩转换
C:\Users\86134\Desktop\TeachResearch\Project\FFTQSPA\util.h(174,7): warning C4309: “初始化”: 截断常量值
C:\Users\86134\Desktop\TeachResearch\Project\FFTQSPA\Mapper.cpp(27,12): warning C4996: 'fopen': This function or variable may be unsafe. Consider using fopen_s instead. To disable deprecation, use _CRT_SECURE_NO_WARNINGS. See online help for details.
C:\Users\86134\Desktop\TeachResearch\Project\FFTQSPA\Mapper.cpp(31,2): warning C4996: 'fscanf': This function or variable may be unsafe. Consider using fscanf_s instead. To disable deprecation, use _CRT_SECURE_NO_WARNINGS. See online help for details.
C:\Users\86134\Desktop\TeachResearch\Project\FFTQSPA\Mapper.cpp(33,2): warning C4996: 'sprintf': This function or variable may be unsafe. Consider using sprintf_s instead. To disable deprecation, use _CRT_SECURE_NO_WARNINGS. See online help for details.
C:\Users\86134\Desktop\TeachResearch\Project\FFTQSPA\Mapper.cpp(35,3): warning C4996: 'fscanf': This function or variable may be unsafe. Consider using fscanf_s instead. To disable deprecation, use _CRT_SECURE_NO_WARNINGS. See online help for details.
C:\Users\86134\Desktop\TeachResearch\Project\FFTQSPA\Mapper.cpp(37,2): warning C4996: 'fscanf': This function or variable may be unsafe. Consider using fscanf_s instead. To disable deprecation, use _CRT_SECURE_NO_WARNINGS. See online help for details.
C:\Users\86134\Desktop\TeachResearch\Project\FFTQSPA\Mapper.cpp(38,2): warning C4996: 'fscanf': This function or variable may be unsafe. Consider using fscanf_s instead. To disable deprecation, use _CRT_SECURE_NO_WARNINGS. See online help for details.
C:\Users\86134\Desktop\TeachResearch\Project\FFTQSPA\Mapper.cpp(39,2): warning C4996: 'fscanf': This function or variable may be unsafe. Consider using fscanf_s instead. To disable deprecation, use _CRT_SECURE_NO_WARNINGS. See online help for details.
C:\Users\86134\Desktop\TeachResearch\Project\FFTQSPA\Mapper.cpp(40,2): warning C4996: 'fscanf': This function or variable may be unsafe. Consider using fscanf_s instead. To disable deprecation, use _CRT_SECURE_NO_WARNINGS. See online help for details.
C:\Users\86134\Desktop\TeachResearch\Project\FFTQSPA\Mapper.cpp(41,2): warning C4996: 'fscanf': This function or variable may be unsafe. Consider using fscanf_s instead. To disable deprecation, use _CRT_SECURE_NO_WARNINGS. See online help for details.
C:\Users\86134\Desktop\TeachResearch\Project\FFTQSPA\Mapper.cpp(51,4): warning C4996: 'fscanf': This function or variable may be unsafe. Consider using fscanf_s instead. To disable deprecation, use _CRT_SECURE_NO_WARNINGS. See online help for details.
  Qary_Gauss_E.cpp
C:\Users\86134\Desktop\TeachResearch\Project\FFTQSPA\util.h(171,7): warning C4838: 从“__int64”转换到“const int”需要收缩转换
C:\Users\86134\Desktop\TeachResearch\Project\FFTQSPA\util.h(175,1): warning C4305: “初始化”: 从“__int64”到“const int”截断
C:\Users\86134\Desktop\TeachResearch\Project\FFTQSPA\util.h(171,7): warning C4309: “初始化”: 截断常量值
C:\Users\86134\Desktop\TeachResearch\Project\FFTQSPA\util.h(172,7): warning C4838: 从“__int64”转换到“const int”需要收缩转换
C:\Users\86134\Desktop\TeachResearch\Project\FFTQSPA\util.h(172,7): warning C4309: “初始化”: 截断常量值
C:\Users\86134\Desktop\TeachResearch\Project\FFTQSPA\util.h(173,7): warning C4838: 从“__int64”转换到“const int”需要收缩转换
C:\Users\86134\Desktop\TeachResearch\Project\FFTQSPA\util.h(173,7): warning C4309: “初始化”: 截断常量值
C:\Users\86134\Desktop\TeachResearch\Project\FFTQSPA\util.h(174,7): warning C4838: 从“__int64”转换到“const int”需要收缩转换
C:\Users\86134\Desktop\TeachResearch\Project\FFTQSPA\util.h(174,7): warning C4309: “初始化”: 截断常量值
  QaryLDPC.cpp
C:\Users\86134\Desktop\TeachResearch\Project\FFTQSPA\util.h(171,7): warning C4838: 从“__int64”转换到“const int”需要收缩转换
C:\Users\86134\Desktop\TeachResearch\Project\FFTQSPA\util.h(175,1): warning C4305: “初始化”: 从“__int64”到“const int”截断
C:\Users\86134\Desktop\TeachResearch\Project\FFTQSPA\util.h(171,7): warning C4309: “初始化”: 截断常量值
C:\Users\86134\Desktop\TeachResearch\Project\FFTQSPA\util.h(172,7): warning C4838: 从“__int64”转换到“const int”需要收缩转换
C:\Users\86134\Desktop\TeachResearch\Project\FFTQSPA\util.h(172,7): warning C4309: “初始化”: 截断常量值
C:\Users\86134\Desktop\TeachResearch\Project\FFTQSPA\util.h(173,7): warning C4838: 从“__int64”转换到“const int”需要收缩转换
C:\Users\86134\Desktop\TeachResearch\Project\FFTQSPA\util.h(173,7): warning C4309: “初始化”: 截断常量值
C:\Users\86134\Desktop\TeachResearch\Project\FFTQSPA\util.h(174,7): warning C4838: 从“__int64”转换到“const int”需要收缩转换
C:\Users\86134\Desktop\TeachResearch\Project\FFTQSPA\util.h(174,7): warning C4309: “初始化”: 截断常量值
C:\Users\86134\Desktop\TeachResearch\Project\FFTQSPA\QaryLDPC.cpp(158,3): warning C4996: 'fscanf': This function or variable may be unsafe. Consider using fscanf_s instead. To disable deprecation, use _CRT_SECURE_NO_WARNINGS. See online help for details.
C:\Users\86134\Desktop\TeachResearch\Project\FFTQSPA\QaryLDPC.cpp(162,4): warning C4996: 'fscanf': This function or variable may be unsafe. Consider using fscanf_s instead. To disable deprecation, use _CRT_SECURE_NO_WARNINGS. See online help for details.
C:\Users\86134\Desktop\TeachResearch\Project\FFTQSPA\QaryLDPC.cpp(163,4): warning C4996: 'fscanf': This function or variable may be unsafe. Consider using fscanf_s instead. To disable deprecation, use _CRT_SECURE_NO_WARNINGS. See online help for details.
  Random.cpp
C:\Users\86134\Desktop\TeachResearch\Project\FFTQSPA\Random.cpp(40,3): warning C4996: 'fscanf': This function or variable may be unsafe. Consider using fscanf_s instead. To disable deprecation, use _CRT_SECURE_NO_WARNINGS. See online help for details.
C:\Users\86134\Desktop\TeachResearch\Project\FFTQSPA\Random.cpp(147,3): warning C4996: 'fscanf': This function or variable may be unsafe. Consider using fscanf_s instead. To disable deprecation, use _CRT_SECURE_NO_WARNINGS. See online help for details.
  SimulationPackage.cpp
C:\Users\86134\Desktop\TeachResearch\Project\FFTQSPA\util.h(171,7): warning C4838: 从“__int64”转换到“const int”需要收缩转换
C:\Users\86134\Desktop\TeachResearch\Project\FFTQSPA\util.h(175,1): warning C4305: “初始化”: 从“__int64”到“const int”截断
C:\Users\86134\Desktop\TeachResearch\Project\FFTQSPA\util.h(171,7): warning C4309: “初始化”: 截断常量值
C:\Users\86134\Desktop\TeachResearch\Project\FFTQSPA\util.h(172,7): warning C4838: 从“__int64”转换到“const int”需要收缩转换
C:\Users\86134\Desktop\TeachResearch\Project\FFTQSPA\util.h(172,7): warning C4309: “初始化”: 截断常量值
C:\Users\86134\Desktop\TeachResearch\Project\FFTQSPA\util.h(173,7): warning C4838: 从“__int64”转换到“const int”需要收缩转换
C:\Users\86134\Desktop\TeachResearch\Project\FFTQSPA\util.h(173,7): warning C4309: “初始化”: 截断常量值
C:\Users\86134\Desktop\TeachResearch\Project\FFTQSPA\util.h(174,7): warning C4838: 从“__int64”转换到“const int”需要收缩转换
C:\Users\86134\Desktop\TeachResearch\Project\FFTQSPA\util.h(174,7): warning C4309: “初始化”: 截断常量值
C:\Users\86134\Desktop\TeachResearch\Project\FFTQSPA\SimulationPackage.cpp(252,17): warning C4996: 'fopen': This function or variable may be unsafe. Consider using fopen_s instead. To disable deprecation, use _CRT_SECURE_NO_WARNINGS. See online help for details.
C:\Users\86134\Desktop\TeachResearch\Project\FFTQSPA\SimulationPackage.cpp(257,17): warning C4996: 'fopen': This function or variable may be unsafe. Consider using fopen_s instead. To disable deprecation, use _CRT_SECURE_NO_WARNINGS. See online help for details.
C:\Users\86134\Desktop\TeachResearch\Project\FFTQSPA\SimulationPackage.cpp(488,17): warning C4996: 'fopen': This function or variable may be unsafe. Consider using fopen_s instead. To disable deprecation, use _CRT_SECURE_NO_WARNINGS. See online help for details.
C:\Users\86134\Desktop\TeachResearch\Project\FFTQSPA\SimulationPackage.cpp(493,17): warning C4996: 'fopen': This function or variable may be unsafe. Consider using fopen_s instead. To disable deprecation, use _CRT_SECURE_NO_WARNINGS. See online help for details.
C:\Users\86134\Desktop\TeachResearch\Project\FFTQSPA\SimulationPackage.cpp(728,17): warning C4996: 'fopen': This function or variable may be unsafe. Consider using fopen_s instead. To disable deprecation, use _CRT_SECURE_NO_WARNINGS. See online help for details.
C:\Users\86134\Desktop\TeachResearch\Project\FFTQSPA\SimulationPackage.cpp(733,17): warning C4996: 'fopen': This function or variable may be unsafe. Consider using fopen_s instead. To disable deprecation, use _CRT_SECURE_NO_WARNINGS. See online help for details.
C:\Users\86134\Desktop\TeachResearch\Project\FFTQSPA\SimulationPackage.cpp(934,17): warning C4996: 'fopen': This function or variable may be unsafe. Consider using fopen_s instead. To disable deprecation, use _CRT_SECURE_NO_WARNINGS. See online help for details.
C:\Users\86134\Desktop\TeachResearch\Project\FFTQSPA\SimulationPackage.cpp(939,17): warning C4996: 'fopen': This function or variable may be unsafe. Consider using fopen_s instead. To disable deprecation, use _CRT_SECURE_NO_WARNINGS. See online help for details.
C:\Users\86134\Desktop\TeachResearch\Project\FFTQSPA\SimulationPackage.cpp(1179,17): warning C4996: 'fopen': This function or variable may be unsafe. Consider using fopen_s instead. To disable deprecation, use _CRT_SECURE_NO_WARNINGS. See online help for details.
C:\Users\86134\Desktop\TeachResearch\Project\FFTQSPA\SimulationPackage.cpp(1184,17): warning C4996: 'fopen': This function or variable may be unsafe. Consider using fopen_s instead. To disable deprecation, use _CRT_SECURE_NO_WARNINGS. See online help for details.
  Sourcesink.cpp
C:\Users\86134\Desktop\TeachResearch\Project\FFTQSPA\util.h(171,7): warning C4838: 从“__int64”转换到“const int”需要收缩转换
C:\Users\86134\Desktop\TeachResearch\Project\FFTQSPA\util.h(175,1): warning C4305: “初始化”: 从“__int64”到“const int”截断
C:\Users\86134\Desktop\TeachResearch\Project\FFTQSPA\util.h(171,7): warning C4309: “初始化”: 截断常量值
C:\Users\86134\Desktop\TeachResearch\Project\FFTQSPA\util.h(172,7): warning C4838: 从“__int64”转换到“const int”需要收缩转换
C:\Users\86134\Desktop\TeachResearch\Project\FFTQSPA\util.h(172,7): warning C4309: “初始化”: 截断常量值
C:\Users\86134\Desktop\TeachResearch\Project\FFTQSPA\util.h(173,7): warning C4838: 从“__int64”转换到“const int”需要收缩转换
C:\Users\86134\Desktop\TeachResearch\Project\FFTQSPA\util.h(173,7): warning C4309: “初始化”: 截断常量值
C:\Users\86134\Desktop\TeachResearch\Project\FFTQSPA\util.h(174,7): warning C4838: 从“__int64”转换到“const int”需要收缩转换
C:\Users\86134\Desktop\TeachResearch\Project\FFTQSPA\util.h(174,7): warning C4309: “初始化”: 截断常量值
  util.cpp
C:\Users\86134\Desktop\TeachResearch\Project\FFTQSPA\util.h(171,7): warning C4838: 从“__int64”转换到“const int”需要收缩转换
C:\Users\86134\Desktop\TeachResearch\Project\FFTQSPA\util.h(175,1): warning C4305: “初始化”: 从“__int64”到“const int”截断
C:\Users\86134\Desktop\TeachResearch\Project\FFTQSPA\util.h(171,7): warning C4309: “初始化”: 截断常量值
C:\Users\86134\Desktop\TeachResearch\Project\FFTQSPA\util.h(172,7): warning C4838: 从“__int64”转换到“const int”需要收缩转换
C:\Users\86134\Desktop\TeachResearch\Project\FFTQSPA\util.h(172,7): warning C4309: “初始化”: 截断常量值
C:\Users\86134\Desktop\TeachResearch\Project\FFTQSPA\util.h(173,7): warning C4838: 从“__int64”转换到“const int”需要收缩转换
C:\Users\86134\Desktop\TeachResearch\Project\FFTQSPA\util.h(173,7): warning C4309: “初始化”: 截断常量值
C:\Users\86134\Desktop\TeachResearch\Project\FFTQSPA\util.h(174,7): warning C4838: 从“__int64”转换到“const int”需要收缩转换
C:\Users\86134\Desktop\TeachResearch\Project\FFTQSPA\util.h(174,7): warning C4309: “初始化”: 截断常量值
  正在生成代码
  Previous IPDB not found, fall back to full compilation.
  All 262 functions were compiled because no usable IPDB/IOBJ from previous compilation was found.
  已完成代码的生成
  Turbo_coding.vcxproj -> C:\Users\86134\Desktop\TeachResearch\Project\FFTQSPA\Release\FFTQSPA.exe
